00000145 A num_got_entries
ffffffff9f000000 T _start
ffffffff9f000400 t reset
ffffffff9f0004c4 t do_reset_normal
ffffffff9f0004e4 t do_reset
ffffffff9f0004fc t normal_path
ffffffff9f00052c t rel_start
ffffffff9f000574 T relocate_code
ffffffff9f0005d0 t in_ram
ffffffff9f000630 t romReserved
ffffffff9f000634 t romExcHandle
ffffffff9f000640 T do_bootd
ffffffff9f000698 T print_image_hdr
ffffffff9f000b04 T do_bootm
ffffffff9f000cac T do_iminfo
ffffffff9f000e80 T do_go
ffffffff9f000fa0 t flash_fill_sect_ranges
ffffffff9f001180 T flash_sect_erase
ffffffff9f0012ec T do_flerase
ffffffff9f001904 T flash_sect_protect
ffffffff9f0019e0 T do_mem_mtest
ffffffff9f002118 T cmd_get_data_size
ffffffff9f0021f0 T do_mem_md
ffffffff9f002574 t mod_mem
ffffffff9f002828 T do_mem_mm
ffffffff9f002878 T do_mem_nm
ffffffff9f0028c8 T do_mem_mw
ffffffff9f002a6c T do_mem_cp
ffffffff9f002cd0 T do_print_mac
ffffffff9f002ddc T do_set_mac
ffffffff9f002fd8 T do_start_nc
ffffffff9f003018 T do_start_sc
ffffffff9f003058 T do_clear_clocks
ffffffff9f00316c T do_default_env
ffffffff9f00324c T do_set_clocks
ffffffff9f0036a0 T do_httpd
ffffffff9f0036d4 t netboot_common
ffffffff9f003b44 T do_tftpb
ffffffff9f003b84 T do_dhcp
ffffffff9f003bc4 T do_ping
ffffffff9f003d24 T do_sntp
ffffffff9f003e80 t envmatch
ffffffff9f003f58 T do_printenv
ffffffff9f004240 T do_saveenv
ffffffff9f004298 T _do_setenv
ffffffff9f0049ec T do_setenv
ffffffff9f004a8c T setenv
ffffffff9f004ae4 T getenv
ffffffff9f004be0 T getenv_r
ffffffff9f004d50 t evalexp
ffffffff9f004ddc T binary_test
ffffffff9f0050bc T do_itest
ffffffff9f005200 T do_version
ffffffff9f005244 T do_echo
ffffffff9f005364 T do_test
ffffffff9f005bc8 T do_exit
ffffffff9f005c2c T find_cmd
ffffffff9f005d54 T do_help
ffffffff9f0060a0 t console_setfile
ffffffff9f006188 T serial_printf
ffffffff9f0061f8 T fgetc
ffffffff9f006250 T ftstc
ffffffff9f0062a8 T fputc
ffffffff9f006304 T fputs
ffffffff9f006358 T fprintf
ffffffff9f0063d0 T getc
ffffffff9f00642c T tstc
ffffffff9f006488 T putc
ffffffff9f0064f0 T puts
ffffffff9f006550 T printf
ffffffff9f0065c0 T ctrlc
ffffffff9f006648 T disable_ctrlc
ffffffff9f006664 T had_ctrlc
ffffffff9f00667c T clear_ctrlc
ffffffff9f006694 T console_assign
ffffffff9f0067bc T console_init_f
ffffffff9f0067cc T console_init_r
ffffffff9f006970 T device_register
ffffffff9f0069b8 T devices_init
ffffffff9f006adc T devices_done
ffffffff9f006b20 T env_get_char_memory
ffffffff9f006b58 t env_get_char_init
ffffffff9f006ba8 T env_crc_update
ffffffff9f006bfc T env_get_addr
ffffffff9f006c2c T env_relocate
ffffffff9f006d20 T addr2info
ffffffff9f006d84 T flash_write
ffffffff9f006f44 T flash_perror
ffffffff9f007110 T NewHandle
ffffffff9f0071cc T DisposeHandle
ffffffff9f007228 T GetHandleSize
ffffffff9f007230 T SetHandleSize
ffffffff9f007314 T ListCreate
ffffffff9f00739c T ListDispose
ffffffff9f0073d0 T ListInsertItems
ffffffff9f007670 T ListInsertItem
ffffffff9f0076a8 T ListGetPtrToItem
ffffffff9f0076e8 T ListNumItems
ffffffff9f007700 T env_get_char_spec
ffffffff9f007710 T env_init
ffffffff9f007794 T saveenv
ffffffff9f0078c0 T env_relocate_spec
ffffffff9f007910 t b_reset
ffffffff9f007930 t static_get
ffffffff9f00794c t static_peek
ffffffff9f007958 t file_peek
ffffffff9f007964 t is_assignment
ffffffff9f0079e4 t xmalloc
ffffffff9f007a3c t syntax_err
ffffffff9f007a78 t free_pipe_list
ffffffff9f007c1c t xrealloc
ffffffff9f007c74 t done_command
ffffffff9f007d3c t b_addchr
ffffffff9f007e14 t b_addqchr
ffffffff9f007eb0 t insert_var_value
ffffffff9f0081ec t set_local_var
ffffffff9f008518 t file_get
ffffffff9f0087f0 T simple_itoa
ffffffff9f008854 T new_pipe
ffffffff9f0088a4 t done_pipe
ffffffff9f00894c T reserved_word
ffffffff9f008c4c t done_word
ffffffff9f008e8c T mapset
ffffffff9f008ec8 T update_ifs_map
ffffffff9f008f98 T parse_string_outer
ffffffff9f009124 t run_list_real
ffffffff9f009d10 t parse_stream_outer
ffffffff9f00a784 T parse_file_outer
ffffffff9f00a7ec T u_boot_hush_start
ffffffff9f00a8a0 t delete_char
ffffffff9f00aa28 T readline
ffffffff9f00ad64 T run_command
ffffffff9f00b378 T check_tftp_file
ffffffff9f00b458 T main_loop
ffffffff9f00bb3c T do_run
ffffffff9f00bc60 T malloc_bin_reloc
ffffffff9f00bca0 T malloc_trim
ffffffff9f00bdd0 T free
ffffffff9f00c0c0 T malloc
ffffffff9f00c8e0 T calloc
ffffffff9f00ca10 T realloc
ffffffff9f00d020 T memalign
ffffffff9f00d1bc T valloc
ffffffff9f00d1f8 T pvalloc
ffffffff9f00d23c T cfree
ffffffff9f00d270 T malloc_usable_size
ffffffff9f00d2c8 T mallopt
ffffffff9f00d370 T wlan_led_toggle
ffffffff9f00d38c T wan_led_toggle
ffffffff9f00d3a8 T led_toggle
ffffffff9f00d3c4 T all_led_on
ffffffff9f00d3e0 T wan_led_on
ffffffff9f00d3fc T wan_led_off
ffffffff9f00d41c T wlan_led_on
ffffffff9f00d438 T wlan_led_off
ffffffff9f00d458 T gpio_control
ffffffff9f00d494 T all_led_off
ffffffff9f00d4b4 T reset_button_status
ffffffff9f00d4c8 T gpio_config
ffffffff9f00d52c T ar7240_mem_config
ffffffff9f00d5bc T initdram
ffffffff9f00d5f0 T checkboard
ffffffff9f00d630 T print_mem_type
ffffffff9f00d6a0 t flash_set_geom
ffffffff9f00d700 t ar7240_spi_write_enable
ffffffff9f00d770 t ar7240_spi_poll
ffffffff9f00d7f0 T flash_init
ffffffff9f00e024 T flash_erase
ffffffff9f00e2c8 T write_buff
ffffffff9f00e640 T lowlevel_init
ffffffff9f00e660 T hornet_pll_init
ffffffff9f00e6d0 t reset_wlan
ffffffff9f00e70c t check_val
ffffffff9f00e7a0 t wait_loop1
ffffffff9f00e7cc t otp_loop0
ffffffff9f00e818 t otp_loop0_end
ffffffff9f00e824 t otp_loop1
ffffffff9f00e868 t default_pmu
ffffffff9f00e874 t fetch_otp
ffffffff9f00e884 t check_pmu
ffffffff9f00e8b4 t otp_end
ffffffff9f00e8d8 t pmu_loop0
ffffffff9f00e91c t pmu_loop0_end
ffffffff9f00e920 t pmu_loop1
ffffffff9f00e974 t pmu_loop1_end
ffffffff9f00e978 t pmu_loop2
ffffffff9f00e9bc t pmu_loop2_end
ffffffff9f00ea34 t pll_clock_control_oc_recovery
ffffffff9f00ea54 t pll_clock_control_flash
ffffffff9f00ea9c t pll_clock_control
ffffffff9f00eac0 t pll_clock_control_default
ffffffff9f00eadc t pll_settle_time
ffffffff9f00eaf4 t pll_unlock_handler_oc_recovery
ffffffff9f00eb04 t pll_unlock_handler_flash
ffffffff9f00eb40 t pll_unlock_handler
ffffffff9f00eb60 t pll_unlock_handler_default
ffffffff9f00eb78 t wait_loop2
ffffffff9f00ebb0 t pll_lock_handler_oc_recovery
ffffffff9f00ebc0 t pll_lock_handler_flash
ffffffff9f00ebf4 t pll_lock_handler
ffffffff9f00ec14 t pll_lock_handler_default
ffffffff9f00ec2c t wait_loop3
ffffffff9f00ec50 t start_meas0
ffffffff9f00ec68 t start_meas
ffffffff9f00ec8c t delayloop0
ffffffff9f00ecac t meas_done_statue
ffffffff9f00eccc t meas_result
ffffffff9f00ed0c t pll_clear_bypass_oc_recovery
ffffffff9f00ed1c t pll_clear_bypass_flash
ffffffff9f00ed54 t pll_clear_bypass
ffffffff9f00ed74 t pll_clear_bypass_default
ffffffff9f00ed8c t end
ffffffff9f00eda0 T do_reset
ffffffff9f00ee08 T flush_cache
ffffffff9f00ee60 T simple_mips_cache_reset
ffffffff9f00ee78 t _arai_icache_loop
ffffffff9f00ee90 t _arai_dcache_loop
ffffffff9f00eea8 T mips_cache_reset
ffffffff9f00f040 T dcache_status
ffffffff9f00f050 T dcache_disable
ffffffff9f00f06c T mips_cache_lock
ffffffff9f00f0c8 T dcache_flush_range
ffffffff9f00f0d4 t cache_loop_d_flush_range
ffffffff9f00f0f0 T mips_cache_flush
ffffffff9f00f104 t cache_loop_flush
ffffffff9f00f128 t cache_loop_d_flush
ffffffff9f00f144 T mips_icache_flush_ix
ffffffff9f00f158 t icache_loop_flush_ix
ffffffff9f00f174 T mips_cache_lock_24k
ffffffff9f00f188 t cache_loop_lock
ffffffff9f00f1c0 T ar7240_ddr_find_size
ffffffff9f00f210 T ar7240_sys_frequency
ffffffff9f00f2f4 T serial_init
ffffffff9f00f364 T serial_tstc
ffffffff9f00f378 T serial_getc
ffffffff9f00f3a0 T serial_putc
ffffffff9f00f400 T serial_puts
ffffffff9f00f460 T hornet_ddr_init
ffffffff9f00f484 t mem_type
ffffffff9f00f4a0 t ddr2_config
ffffffff9f00f61c t ddr1_config
ffffffff9f00f6e8 T hornet_ddr_tap_init
ffffffff9f00f708 t ddr_pat_init
ffffffff9f00f718 t write_loop_start
ffffffff9f00f71c t pat_000
ffffffff9f00f738 t pat_001
ffffffff9f00f754 t pat_002
ffffffff9f00f770 t pat_003
ffffffff9f00f784 t pat_004
ffffffff9f00f7a4 t pat_005
ffffffff9f00f7c0 t pat_006
ffffffff9f00f7dc t pat_007
ffffffff9f00f7f0 t pat_008
ffffffff9f00f810 t pat_009
ffffffff9f00f82c t pat_00a
ffffffff9f00f848 t pat_00b
ffffffff9f00f85c t pat_00c
ffffffff9f00f87c t pat_00d
ffffffff9f00f898 t pat_00e
ffffffff9f00f8b4 t pat_00f
ffffffff9f00f8c8 t pat_done
ffffffff9f00f90c t load_tap
ffffffff9f00f924 t pat_read
ffffffff9f00f93c t tap_addr_loop
ffffffff9f00f9dc t tap_decr
ffffffff9f00f9f4 t tap_incr
ffffffff9f00fa24 t tap_fail
ffffffff9f00fa6c t up_limit
ffffffff9f00faa4 t tap_calc
ffffffff9f00fb28 t end
ffffffff9f00fb40 t init_baudrate
ffffffff9f00fb54 t init_func_ram
ffffffff9f00fc1c t display_banner
ffffffff9f00fc60 T sbrk
ffffffff9f00fcb4 T board_init_r
ffffffff9f0100d4 T hang
ffffffff9f01010c T board_init_f
ffffffff9f010260 T timer_init
ffffffff9f010270 T get_timer
ffffffff9f01027c T udelay
ffffffff9f010314 T get_ticks
ffffffff9f010320 T get_tbclk
ffffffff9f010330 t linux_env_set
ffffffff9f01046c T do_bootm_linux
ffffffff9f0109a0 t nc_wait_arp_handler
ffffffff9f0109bc t nc_handler
ffffffff9f0109e8 t nc_timeout
ffffffff9f010a04 T nc_start
ffffffff9f010b84 T nc_getc
ffffffff9f010c3c T nc_tstc
ffffffff9f010ce4 t nc_send_packet
ffffffff9f010f04 T nc_putc
ffffffff9f010f70 T nc_puts
ffffffff9f011000 T NcStart
ffffffff9f011130 T nc_input_packet
ffffffff9f011254 T drv_nc_init
ffffffff9f011310 t startAgainTimeout
ffffffff9f01132c t startAgainHandler
ffffffff9f011334 t PingHandler
ffffffff9f011394 t PingTimeout
ffffffff9f0113d4 T NetSetHandler
ffffffff9f0113ec T NetSetTimeout
ffffffff9f011458 T NetStartAgain
ffffffff9f011600 T NetSendPacket
ffffffff9f011634 T NetCksum
ffffffff9f011680 T NetCksumOk
ffffffff9f0116c0 T NetEthHdrSize
ffffffff9f011700 T NetSetEther
ffffffff9f0117f0 T ArpRequest
ffffffff9f01197c T ArpTimeoutCheck
ffffffff9f011a58 T PingSend
ffffffff9f011c30 T NetSetIP
ffffffff9f011d68 T NetSendUDPPacket
ffffffff9f011f68 T copy_filename
ffffffff9f011fd8 T ip_to_string
ffffffff9f01203c T string_to_ip
ffffffff9f0120e4 T VLAN_to_string
ffffffff9f012160 T string_to_VLAN
ffffffff9f0121d0 T print_IPaddr
ffffffff9f012228 T getenv_IPaddr
ffffffff9f012270 T getenv_VLAN
ffffffff9f0122b8 T NetLoop
ffffffff9f012b04 T NetSendHttpd
ffffffff9f012bd0 T NetReceiveHttpd
ffffffff9f012ce4 T NetReceive
ffffffff9f013384 T NetLoopHttpd
ffffffff9f013830 t TftpSend
ffffffff9f013a4c t TftpHandler
ffffffff9f013e1c t TftpTimeout
ffffffff9f013ed8 T TftpStart
ffffffff9f014220 T eth_get_dev_by_name
ffffffff9f014294 T eth_get_dev_index
ffffffff9f0142f4 T eth_register
ffffffff9f0143e4 T eth_initialize
ffffffff9f014608 T eth_set_enetaddr
ffffffff9f0146f4 T eth_halt
ffffffff9f014748 T eth_send
ffffffff9f0147a0 T eth_rx
ffffffff9f0147f0 T eth_try_another
ffffffff9f0148d0 T eth_init
ffffffff9f014990 T eth_set_current
ffffffff9f014a5c T eth_get_name
ffffffff9f014a90 t BootpCopyNetParams
ffffffff9f014bb8 t DhcpOptionsProcess
ffffffff9f014ec8 t DhcpHandler
ffffffff9f01558c T BootpRequest
ffffffff9f015a34 t BootpTimeout
ffffffff9f015ad0 T DhcpRequest
ffffffff9f015b10 t SntpHandler
ffffffff9f015bdc t SntpTimeout
ffffffff9f015c24 T SntpStart
ffffffff9f015d80 T HttpdHandler
ffffffff9f015e84 T HttpdStart
ffffffff9f015ec8 T do_http_upgrade
ffffffff9f016060 T do_http_progress
ffffffff9f016220 T GregorianDay
ffffffff9f0163bc T to_tm
ffffffff9f016550 T mktime
ffffffff9f016620 t uip_add_rcv_nxt
ffffffff9f016694 T uip_init
ffffffff9f0166d0 T uip_unlisten
ffffffff9f016710 T uip_listen
ffffffff9f016750 T uip_process
ffffffff9f017950 T uip_add32
ffffffff9f017a50 T uip_chksum
ffffffff9f017af0 T uip_ipchksum
ffffffff9f017b30 T uip_tcpchksum
ffffffff9f017cd0 t uip_arp_update
ffffffff9f017eb4 T uip_arp_init
ffffffff9f017f40 T uip_arp_timer
ffffffff9f018018 T uip_arp_ipin
ffffffff9f0180d4 T uip_arp_arpin
ffffffff9f018304 T uip_arp_out
ffffffff9f0185c0 t httpd_download_progress
ffffffff9f01867c t httpd_findandstore_firstchunk
ffffffff9f018a60 t httpd_state_reset
ffffffff9f018ad4 T httpd_init
ffffffff9f018b1c T httpd_appcall
ffffffff9f019700 T fs_open
ffffffff9f0197f4 T fs_init
ffffffff9f019800 T crc32
ffffffff9f0199a0 T print_size
ffffffff9f019ab0 T strnicmp
ffffffff9f019b48 T strcat
ffffffff9f019b94 T strncat
ffffffff9f019bfc T strchr
ffffffff9f019c50 T strlen
ffffffff9f019c84 T strrchr
ffffffff9f019cf8 T strnlen
ffffffff9f019d44 T strdup
ffffffff9f019dc4 T strspn
ffffffff9f019e34 T strpbrk
ffffffff9f019ea4 T strtok
ffffffff9f019f64 T strsep
ffffffff9f019fdc T strswab
ffffffff9f01a060 T memset
ffffffff9f01a084 T memcpy
ffffffff9f01a0b0 T memmove
ffffffff9f01a110 T memcmp
ffffffff9f01a16c T strstr
ffffffff9f01a248 T memchr
ffffffff9f01a280 t number
ffffffff9f01a508 T simple_strtoul
ffffffff9f01a61c T simple_strtol
ffffffff9f01a674 T vsprintf
ffffffff9f01abfc T sprintf
ffffffff9f01ac40 T lzma_inflate
ffffffff9f01aed0 T LzmaDecodeProperties
ffffffff9f01af58 T LzmaDecode
ffffffff9f01ba30 t dummy
ffffffff9f01ba38 T get_version
ffffffff9f01ba40 T jumptable_init
ffffffff9f01baf0 t ag7240_halt
ffffffff9f01bb3c t ag7240_alloc_fifo
ffffffff9f01bc04 t ag7240_recv
ffffffff9f01bd68 t ag7240_send
ffffffff9f01bef8 t ag7240_clean_rx
ffffffff9f01c6d8 T ag7240_mii_setup
ffffffff9f01cbd8 T ag7240_enet_initialize
ffffffff9f01d69c T ag7240_miiphy_read
ffffffff9f01d908 T ag7240_miiphy_write
ffffffff9f01db00 T athrs26_reg_read
ffffffff9f01dd74 T athrs26_reg_write
ffffffff9f01e0b8 T s26_rd_phy
ffffffff9f01e1b4 T athrs26_phy_is_link_alive
ffffffff9f01e210 T athrs26_phy_is_fdx
ffffffff9f01e32c T athrs26_phy_is_up
ffffffff9f01e498 T s26_wr_phy
ffffffff9f01e594 T athrs26_powersave_off
ffffffff9f01e5f8 T athrs26_sleep_off
ffffffff9f01e65c T athrs26_reg_init
ffffffff9f01e704 T athrs26_reg_init_lan
ffffffff9f01ea38 T athrs26_phy_setup
ffffffff9f01eda8 T athrs26_phy_speed
ffffffff9f01ef8c T athrs26_mdc_check
ffffffff9f01f0b0 r bitpattern.1886
ffffffff9f01f0d0 r oc_profiles
ffffffff9f01f2d0 R version_string
ffffffff9f01f530 r data_uboot_html
ffffffff9f01f95c r data_style_css
ffffffff9f01fc30 r data_index_html
ffffffff9f02000c r data_flashing_html
ffffffff9f02074c r data_fail_html
ffffffff9f020a5c r data_art_html
ffffffff9f020e2c r data_404_html
ffffffff9f021020 r crc_table
ffffffff9f0215c0 r __func__.2506
ffffffff9f0215d4 r __func__.2491
ffffffff9f0215e8 r __func__.2403
ffffffff9f024e50 D load_addr
ffffffff9f024e60 D dp_last_length
ffffffff9f024e70 D op_table
ffffffff9f024ee0 D stdio_names
ffffffff9f024ef0 D default_environment
ffffffff9f025320 D env_get_char
ffffffff9f025330 D env_ptr
ffffffff9f025340 D env_name_spec
ffffffff9f025350 d reserved_list
ffffffff9f0253e0 d tab_seq
ffffffff9f0253ec d erase_seq
ffffffff9f0253f0 D tftp_file
ffffffff9f025400 d sbrk_base
ffffffff9f025404 d mmap_threshold
ffffffff9f025408 d trim_threshold
ffffffff9f025410 d av_
ffffffff9f025820 D init_sequence
ffffffff9f025850 D NetOurNativeVLAN
ffffffff9f025852 D NetOurVLAN
ffffffff9f025854 D NetBcastAddr
ffffffff9f025860 d month_days
ffffffff9f025890 D uip_ethaddr
ffffffff9f0258a0 d eol2
ffffffff9f0258a8 d eol
ffffffff9f0258b0 D file_uboot_html
ffffffff9f0258c0 D file_style_css
ffffffff9f0258d0 D file_index_html
ffffffff9f0258e0 D file_flashing_html
ffffffff9f0258f0 D file_fail_html
ffffffff9f025900 D file_art_html
ffffffff9f025910 D file_404_html
ffffffff9f025920 D _ctype
ffffffff9f025a20 d athrPhyInfo
ffffffff9f025ab0 D _GLOBAL_OFFSET_TABLE_
ffffffff9f025ab0 D __got_start
ffffffff9f025ab0 D _gp
ffffffff9f025fc4 D __got_end
ffffffff9f025fc4 D __u_boot_cmd_iminfo
ffffffff9f025fc4 D __u_boot_cmd_start
ffffffff9f025fdc D __u_boot_cmd_bootd
ffffffff9f025ff4 D __u_boot_cmd_boot
ffffffff9f02600c D __u_boot_cmd_bootm
ffffffff9f026024 D __u_boot_cmd_reset
ffffffff9f02603c D __u_boot_cmd_go
ffffffff9f026054 D __u_boot_cmd_erase
ffffffff9f02606c D __u_boot_cmd_cp
ffffffff9f026084 D __u_boot_cmd_mtest
ffffffff9f02609c D __u_boot_cmd_mw
ffffffff9f0260b4 D __u_boot_cmd_nm
ffffffff9f0260cc D __u_boot_cmd_mm
ffffffff9f0260e4 D __u_boot_cmd_md
ffffffff9f0260fc D __u_boot_cmd_clearclk
ffffffff9f026114 D __u_boot_cmd_setclk
ffffffff9f02612c D __u_boot_cmd_defenv
ffffffff9f026144 D __u_boot_cmd_startsc
ffffffff9f02615c D __u_boot_cmd_startnc
ffffffff9f026174 D __u_boot_cmd_setmac
ffffffff9f02618c D __u_boot_cmd_printmac
ffffffff9f0261a4 D __u_boot_cmd_sntp
ffffffff9f0261bc D __u_boot_cmd_ping
ffffffff9f0261d4 D __u_boot_cmd_dhcp
ffffffff9f0261ec D __u_boot_cmd_tftpboot
ffffffff9f026204 D __u_boot_cmd_httpd
ffffffff9f02621c D __u_boot_cmd_run
ffffffff9f026234 D __u_boot_cmd_saveenv
ffffffff9f02624c D __u_boot_cmd_setenv
ffffffff9f026264 D __u_boot_cmd_printenv
ffffffff9f02627c D __u_boot_cmd_itest
ffffffff9f026294 D __u_boot_cmd_question_mark
ffffffff9f0262ac D __u_boot_cmd_help
ffffffff9f0262c4 D __u_boot_cmd_exit
ffffffff9f0262dc D __u_boot_cmd_test
ffffffff9f0262f4 D __u_boot_cmd_echo
ffffffff9f02630c D __u_boot_cmd_version
ffffffff9f026324 D __u_boot_cmd_end
ffffffff9f026324 D uboot_end_data
ffffffff9f026330 b ctrlc_was_pressed
ffffffff9f026334 b ctrlc_disabled
ffffffff9f026340 B stdio_devices
ffffffff9f02634c B devlist
ffffffff9f026350 b the_command.2043
ffffffff9f026750 b buf.2236
ffffffff9f026778 b local.2027
ffffffff9f026790 b top_vars
ffffffff9f026794 b do_repeat
ffffffff9f026798 b flag_repeat
ffffffff9f02679c b map
ffffffff9f02689c b ifs
ffffffff9f0268a0 b current_mallinfo
ffffffff9f0268c8 b max_total_mem
ffffffff9f0268cc b max_sbrked_mem
ffffffff9f0268d0 b n_mmaps_max
ffffffff9f0268d4 b top_pad
ffffffff9f0268e0 b mem_malloc_brk
ffffffff9f0268e4 b mem_malloc_end
ffffffff9f0268e8 b mem_malloc_start
ffffffff9f0268f0 b linux_env_idx
ffffffff9f0268f4 b linux_env_p
ffffffff9f0268f8 b linux_env
ffffffff9f0268fc b linux_argv
ffffffff9f026900 b linux_argc
ffffffff9f026910 B net_loop_last_protocol
ffffffff9f026914 b output_packet_len
ffffffff9f026918 b output_packet
ffffffff9f02691c b nc_port
ffffffff9f026920 b nc_ip
ffffffff9f026924 b nc_ether
ffffffff9f02692c b net_timeout
ffffffff9f026930 b output_recursion
ffffffff9f026934 b input_recursion
ffffffff9f026938 b input_offset
ffffffff9f02693c b input_size
ffffffff9f026940 b input_buffer
ffffffff9f026b40 B NetTxPacket
ffffffff9f026b44 B NetTimeOffset
ffffffff9f026b48 B NetRestartWrap
ffffffff9f026b4c B NetEtherNullAddr
ffffffff9f026b54 B NetServerEther
ffffffff9f026b5a B NetBootFileSize
ffffffff9f026b5c B NetOurRootPath
ffffffff9f026b9c B NetOurHostName
ffffffff9f026bbc B NetOurNISDomain
ffffffff9f026bdc B NetOurDNSIP
ffffffff9f026be0 B NetOurGatewayIP
ffffffff9f026be4 B NetOurSubnetMask
ffffffff9f026be8 B webfailsafe_upgrade_type
ffffffff9f026bec B webfailsafe_ready_for_upgrade
ffffffff9f026bf0 B webfailsafe_is_running
ffffffff9f026bf4 B webfailsafe_data_pointer
ffffffff9f026bf8 b mac.2517
ffffffff9f026bfe b PingSeqNo
ffffffff9f026c00 b timeDelta
ffffffff9f026c04 b timeStart
ffffffff9f026c08 b timeHandler
ffffffff9f026c0c b packetHandler
ffffffff9f026c10 b NetDevExists
ffffffff9f026c14 b NetRestarted
ffffffff9f026c20 b tftp_filename
ffffffff9f026c24 b default_filename
ffffffff9f026c34 b TftpBlockWrapOffset
ffffffff9f026c38 b TftpBlockWrap
ffffffff9f026c3c b TftpLastBlock
ffffffff9f026c40 b TftpBlock
ffffffff9f026c44 b TftpState
ffffffff9f026c48 b TftpTimeoutCount
ffffffff9f026c4c b TftpOurPort
ffffffff9f026c50 b TftpServerPort
ffffffff9f026c60 b first_failed.2168
ffffffff9f026c64 b eth_devices
ffffffff9f026c70 B NetDHCPServerIP
ffffffff9f026c74 B dhcp_leasetime
ffffffff9f026c78 B dhcp_state
ffffffff9f026c80 b SntpOurPort
ffffffff9f026c90 b arptimer
ffffffff9f026ca0 b tmp16
ffffffff9f026ca2 b opt
ffffffff9f026ca3 b c
ffffffff9f026ca4 b iss
ffffffff9f026ca8 b ipid
ffffffff9f026cb0 b tmpage
ffffffff9f026cb1 b arptime
ffffffff9f026cb2 b c
ffffffff9f026cb3 b i
ffffffff9f026cb4 b ipaddr
ffffffff9f026cb8 b arp_table
ffffffff9f026cd0 b boundary_value
ffffffff9f026cd4 b post_line_counter
ffffffff9f026cd5 b post_packet_counter
ffffffff9f026cd8 b data_start_found
ffffffff9f026cdc b webfailsafe_upload_failed
ffffffff9f026ce0 b webfailsafe_post_done
ffffffff9f026cf0 b rpos
ffffffff9f026d00 b athr26_init_flag1
ffffffff9f026d01 b athr26_init_flag
ffffffff9f026d10 B header
ffffffff9f026d50 B dp_last_size
ffffffff9f026d54 B dp_last_addr
ffffffff9f026d58 B mm_last_size
ffffffff9f026d5c B mm_last_addr
ffffffff9f026d60 B nesting_level
ffffffff9f026d64 B last_return_code
ffffffff9f026d68 B console_buffer
ffffffff9f027168 B flash_info
ffffffff9f02c178 B monitor_flash_len
ffffffff9f02c17c B NetNtpServerIP
ffffffff9f02c180 B NetArpWaitTry
ffffffff9f02c184 B NetArpWaitPacketMAC
ffffffff9f02c188 B NetOurEther
ffffffff9f02c190 B NetOurIP
ffffffff9f02c194 B NetPingIP
ffffffff9f02c198 B NetServerIP
ffffffff9f02c19c B NetArpWaitTxPacketSize
ffffffff9f02c1a0 B NetArpWaitReplyIP
ffffffff9f02c1a4 B NetRxPackets
ffffffff9f02c1e4 B NetArpWaitTxPacket
ffffffff9f02c1e8 B NetArpWaitPacketIP
ffffffff9f02c1ec B NetState
ffffffff9f02c1f0 B BootFile
ffffffff9f02c270 B NetIPID
ffffffff9f02c274 B NetRxPkt
ffffffff9f02c278 B NetArpWaitPacketBuf
ffffffff9f02c898 B NetRxPktLen
ffffffff9f02c89c B NetBootFileXferSize
ffffffff9f02c8a0 B PktBuf
ffffffff9f032ec0 B NetArpWaitTimerStart
ffffffff9f032ec4 B Tftp_stop
ffffffff9f032ec8 B eth_current
ffffffff9f032ecc B seed1
ffffffff9f032ed0 B BootpTry
ffffffff9f032ed4 B BootpID
ffffffff9f032ed8 B seed2
ffffffff9f032edc B uip_len
ffffffff9f032ee0 B uip_sappdata
ffffffff9f032ee4 B uip_acc32
ffffffff9f032ee8 B uip_flags
ffffffff9f032eec B uip_appdata
ffffffff9f032ef0 B uip_conn
ffffffff9f032ef4 B uip_conns
ffffffff9f032f4c B uip_arp_netmask
ffffffff9f032f50 B uip_listenports
ffffffff9f032f52 B uip_surglen
ffffffff9f032f54 B uip_urgdata
ffffffff9f032f58 B uip_hostaddr
ffffffff9f032f5c B uip_arp_draddr
ffffffff9f032f60 B uip_urglen
ffffffff9f032f64 B uip_buf
ffffffff9f033542 B uip_slen
ffffffff9f033544 B hs
ffffffff9f033548 B ___strtok
ffffffff9f03354c B ag7240_macs
ffffffff9f033554 B uboot_end
